Main blog card found.
History grid found.
New layout screenshot saved.
Modal opened.
Modal title: 2 СЕРПНЯ 2025 Р.
